?? ??冽??? ?⊿脣?餈游?撌脤? 3 甈??? ??冽??? ?⊿脣?餈游?撌脤? 3 甈??? ??冽??? ?詨??航炊撌脣??5 甈??? ??冽??? ?⊿脣?餈游?撌脤? 3 甈?????典歇?蔭
?? ??冽??? ?⊿脣?餈游?撌脤? 3 甈??? ??冽??? ?⊿脣?餈游?撌脤? 3 甈?--- FAIL: TestClientClose (0.00s)
    client_test.go:145: ?活????隤??? ??冽??? ?⊿脣?餈游?撌脤? 3 甈?????典歇?蔭
?? ??冽??? ?⊿脣?餈游?撌脤? 3 甈?
[36m??[0m 餈游? 1/1 (0%) [36m????????????????????????????????????????[0m

[36m??[0m 餈游? 1/1 (0%) [36m????????????????????????????????????????[0m
{"timestamp":"2026-02-14T21:59:15.7169247+08:00","level":"INFO","message":"???瑁?餈游?","component":"ralph-loop","fields":{"loop_index":0,"prompt":"皜祈岫隞餃? 0"}}
{"timestamp":"2026-02-14T21:59:15.7169247+08:00","level":"INFO","message":"???瑁?餈游?","component":"ralph-loop","fields":{"loop_index":0,"prompt":"皜祈岫隞餃? 1"}}
[INFO 21:59:15.718] [INFO 21:59:15.718] ???瑁? Copilot CLI (?格活頞?: 1m0s)...???瑁? Copilot CLI (?格活頞?: 1m0s)...

panic: test timed out after 10s
	running tests:
		TestConcurrentExecutionManager (10s)

goroutine 184 [running]:
testing.(*M).startAlarm.func1()
	C:/Program Files/Go/src/testing/testing.go:2802 +0x34b
created by time.goFunc
	C:/Program Files/Go/src/time/sleep.go:215 +0x2d

goroutine 1 [chan receive]:
testing.(*T).Run(0x2d1c6138c000, {0x7ff6ac830afc?, 0x2d1c612e3b38?}, 0x7ff6ac843eb0)
	C:/Program Files/Go/src/testing/testing.go:2109 +0x4c7
testing.runTests.func1(0x2d1c6138c000)
	C:/Program Files/Go/src/testing/testing.go:2585 +0x37
testing.tRunner(0x2d1c6138c000, 0x2d1c612e3c58)
	C:/Program Files/Go/src/testing/testing.go:2036 +0xc3
testing.runTests({0x7ff6ac82e0e1, 0x1b}, {0x7ff6ac83c392, 0x2e}, 0x2d1c612c62a0, {0x7ff6acaaa120, 0x186, 0x186}, {0xc25c3dcf5c0f708c, 0x254d206a9, ...})
	C:/Program Files/Go/src/testing/testing.go:2583 +0x4f0
testing.(*M).Run(0x2d1c612e4140)
	C:/Program Files/Go/src/testing/testing.go:2443 +0x6ac
main.main()
	_testmain.go:830 +0x9b

goroutine 182 [syscall]:
syscall.syscalln(0x0?, 0x0?, {0x2d1c61419a70?, 0x24f0a5ce058?, 0x0?})
	C:/Program Files/Go/src/runtime/syscall_windows.go:431 +0x4e
syscall.SyscallN(0x2d1c61419a80?, {0x2d1c61419a70?, 0x24f4fee3a90?, 0x0?})
	C:/Program Files/Go/src/syscall/dll_windows.go:99 +0x1e
syscall.readFile(0x29c, {0x2d1c612e0000?, 0x200, 0x17?}, 0x0?, 0x17?)
	C:/Program Files/Go/src/syscall/zsyscall_windows.go:1030 +0xba
syscall.ReadFile(...)
	C:/Program Files/Go/src/syscall/syscall_windows.go:510
internal/poll.(*FD).Read.func1(0x7ff6acaa18e0?)
	C:/Program Files/Go/src/internal/poll/fd_windows.go:572 +0x4a
internal/poll.(*FD).execIO(0x2d1c61696300, 0x72, 0x2d1c61419c90)
	C:/Program Files/Go/src/internal/poll/fd_windows.go:290 +0x2c9
internal/poll.(*FD).Read(0x2d1c61696300, {0x2d1c612e0000, 0x200, 0x200})
	C:/Program Files/Go/src/internal/poll/fd_windows.go:571 +0x290
os.(*File).read(...)
	C:/Program Files/Go/src/os/file_posix.go:29
os.(*File).Read(0x2d1c61694040, {0x2d1c612e0000?, 0x2000?, 0x0?})
	C:/Program Files/Go/src/os/file.go:144 +0x4f
bytes.(*Buffer).ReadFrom(0x2d1c616dfb30, {0x7ff6ac84ad78, 0x2d1c61694040})
	C:/Program Files/Go/src/bytes/buffer.go:229 +0x98
io.copyBuffer({0x7ff6ac84af20, 0x2d1c616dfb30}, {0x7ff6ac84ad78, 0x2d1c61694040}, {0x0, 0x0, 0x0})
	C:/Program Files/Go/src/io/io.go:415 +0x151
io.Copy(...)
	C:/Program Files/Go/src/io/io.go:388
os.genericWriteTo(0xffffffffffffffff?, {0x7ff6ac84af20?, 0x2d1c616dfb30?})
	C:/Program Files/Go/src/os/file.go:295 +0x35
os.(*File).WriteTo(0x7ff6aca9c720?, {0x7ff6ac84af20?, 0x2d1c616dfb30?})
	C:/Program Files/Go/src/os/file.go:273 +0x49
io.copyBuffer({0x7ff6ac84af20, 0x2d1c616dfb30}, {0x7ff6ac84ae80, 0x2d1c61694040}, {0x0, 0x0, 0x0})
	C:/Program Files/Go/src/io/io.go:411 +0x9d
io.Copy(...)
	C:/Program Files/Go/src/io/io.go:388
os/exec.(*Cmd).writerDescriptor.func1()
	C:/Program Files/Go/src/os/exec/exec.go:602 +0x34
os/exec.(*Cmd).Start.func2(0x2d1c611e2db0?)
	C:/Program Files/Go/src/os/exec/exec.go:757 +0x2c
created by os/exec.(*Cmd).Start in goroutine 425
	C:/Program Files/Go/src/os/exec/exec.go:756 +0x9c5

goroutine 183 [select]:
os/exec.(*Cmd).watchCtx(0x2d1c616ce340, 0x2d1c616ac620)
	C:/Program Files/Go/src/os/exec/exec.go:797 +0xb1
created by os/exec.(*Cmd).Start in goroutine 425
	C:/Program Files/Go/src/os/exec/exec.go:783 +0x989

goroutine 76 [select]:
github.com/cy540/ralph-loop/internal/ghcopilot.(*CacheManager).cleanupLoop(0x2d1c613b64b0)
	C:/Users/cy5407/Desktop/Github CLI ?芸?頝誨/internal/ghcopilot/cache_manager.go:333 +0xb6
created by github.com/cy540/ralph-loop/internal/ghcopilot.NewCacheManager in goroutine 75
	C:/Users/cy5407/Desktop/Github CLI ?芸?頝誨/internal/ghcopilot/cache_manager.go:268 +0x19a

goroutine 118 [select]:
github.com/cy540/ralph-loop/internal/ghcopilot.(*CacheManager).cleanupLoop(0x2d1c611e2ba0)
	C:/Users/cy5407/Desktop/Github CLI ?芸?頝誨/internal/ghcopilot/cache_manager.go:333 +0xb6
created by github.com/cy540/ralph-loop/internal/ghcopilot.NewCacheManager in goroutine 117
	C:/Users/cy5407/Desktop/Github CLI ?芸?頝誨/internal/ghcopilot/cache_manager.go:268 +0x19a

goroutine 121 [select]:
github.com/cy540/ralph-loop/internal/ghcopilot.(*CacheManager).cleanupLoop(0x2d1c611e32f0)
	C:/Users/cy5407/Desktop/Github CLI ?芸?頝誨/internal/ghcopilot/cache_manager.go:333 +0xb6
created by github.com/cy540/ralph-loop/internal/ghcopilot.NewCacheManager in goroutine 120
	C:/Users/cy5407/Desktop/Github CLI ?芸?頝誨/internal/ghcopilot/cache_manager.go:268 +0x19a

goroutine 123 [select]:
github.com/cy540/ralph-loop/internal/ghcopilot.(*CacheManager).cleanupLoop(0x2d1c611e3710)
	C:/Users/cy5407/Desktop/Github CLI ?芸?頝誨/internal/ghcopilot/cache_manager.go:333 +0xb6
created by github.com/cy540/ralph-loop/internal/ghcopilot.NewCacheManager in goroutine 122
	C:/Users/cy5407/Desktop/Github CLI ?芸?頝誨/internal/ghcopilot/cache_manager.go:268 +0x19a

goroutine 125 [select]:
github.com/cy540/ralph-loop/internal/ghcopilot.(*CacheManager).cleanupLoop(0x2d1c611e3b90)
	C:/Users/cy5407/Desktop/Github CLI ?芸?頝誨/internal/ghcopilot/cache_manager.go:333 +0xb6
created by github.com/cy540/ralph-loop/internal/ghcopilot.NewCacheManager in goroutine 124
	C:/Users/cy5407/Desktop/Github CLI ?芸?頝誨/internal/ghcopilot/cache_manager.go:268 +0x19a

goroutine 127 [select]:
github.com/cy540/ralph-loop/internal/ghcopilot.(*CacheManager).cleanupLoop(0x2d1c613b60c0)
	C:/Users/cy5407/Desktop/Github CLI ?芸?頝誨/internal/ghcopilot/cache_manager.go:333 +0xb6
created by github.com/cy540/ralph-loop/internal/ghcopilot.NewCacheManager in goroutine 126
	C:/Users/cy5407/Desktop/Github CLI ?芸?頝誨/internal/ghcopilot/cache_manager.go:268 +0x19a

goroutine 129 [select]:
github.com/cy540/ralph-loop/internal/ghcopilot.(*CacheManager).cleanupLoop(0x2d1c613b65a0)
	C:/Users/cy5407/Desktop/Github CLI ?芸?頝誨/internal/ghcopilot/cache_manager.go:333 +0xb6
created by github.com/cy540/ralph-loop/internal/ghcopilot.NewCacheManager in goroutine 128
	C:/Users/cy5407/Desktop/Github CLI ?芸?頝誨/internal/ghcopilot/cache_manager.go:268 +0x19a

goroutine 181 [syscall]:
syscall.syscalln(0x0?, 0x0?, {0x2d1c6130da70?, 0x24f0a5c7c20?, 0x0?})
	C:/Program Files/Go/src/runtime/syscall_windows.go:431 +0x4e
syscall.SyscallN(0x2d1c6130da80?, {0x2d1c6130da70?, 0x24f4fee15b0?, 0x0?})
	C:/Program Files/Go/src/syscall/dll_windows.go:99 +0x1e
syscall.readFile(0x2fc, {0x2d1c6170e000?, 0x200, 0x13?}, 0x0?, 0x13?)
	C:/Program Files/Go/src/syscall/zsyscall_windows.go:1030 +0xba
syscall.ReadFile(...)
	C:/Program Files/Go/src/syscall/syscall_windows.go:510
internal/poll.(*FD).Read.func1(0x7ff6acaa18e0?)
	C:/Program Files/Go/src/internal/poll/fd_windows.go:572 +0x4a
internal/poll.(*FD).execIO(0x2d1c61696180, 0x72, 0x2d1c6130dc90)
	C:/Program Files/Go/src/internal/poll/fd_windows.go:290 +0x2c9
internal/poll.(*FD).Read(0x2d1c61696180, {0x2d1c6170e000, 0x200, 0x200})
	C:/Program Files/Go/src/internal/poll/fd_windows.go:571 +0x290
os.(*File).read(...)
	C:/Program Files/Go/src/os/file_posix.go:29
os.(*File).Read(0x2d1c61694028, {0x2d1c6170e000?, 0x2d1c61410d20?, 0x0?})
	C:/Program Files/Go/src/os/file.go:144 +0x4f
bytes.(*Buffer).ReadFrom(0x2d1c616dfb00, {0x7ff6ac84ad78, 0x2d1c61694028})
	C:/Program Files/Go/src/bytes/buffer.go:229 +0x98
io.copyBuffer({0x7ff6ac84af20, 0x2d1c616dfb00}, {0x7ff6ac84ad78, 0x2d1c61694028}, {0x0, 0x0, 0x0})
	C:/Program Files/Go/src/io/io.go:415 +0x151
io.Copy(...)
	C:/Program Files/Go/src/io/io.go:388
os.genericWriteTo(0xffffffffffffffff?, {0x7ff6ac84af20?, 0x2d1c616dfb00?})
	C:/Program Files/Go/src/os/file.go:295 +0x35
os.(*File).WriteTo(0x7ff6aca9c720?, {0x7ff6ac84af20?, 0x2d1c616dfb00?})
	C:/Program Files/Go/src/os/file.go:273 +0x49
io.copyBuffer({0x7ff6ac84af20, 0x2d1c616dfb00}, {0x7ff6ac84ae80, 0x2d1c61694028}, {0x0, 0x0, 0x0})
	C:/Program Files/Go/src/io/io.go:411 +0x9d
io.Copy(...)
	C:/Program Files/Go/src/io/io.go:388
os/exec.(*Cmd).writerDescriptor.func1()
	C:/Program Files/Go/src/os/exec/exec.go:602 +0x34
os/exec.(*Cmd).Start.func2(0x2d1c611e2960?)
	C:/Program Files/Go/src/os/exec/exec.go:757 +0x2c
created by os/exec.(*Cmd).Start in goroutine 425
	C:/Program Files/Go/src/os/exec/exec.go:756 +0x9c5

goroutine 78 [select]:
github.com/cy540/ralph-loop/internal/ghcopilot.(*CacheManager).cleanupLoop(0x2d1c613b69c0)
	C:/Users/cy5407/Desktop/Github CLI ?芸?頝誨/internal/ghcopilot/cache_manager.go:333 +0xb6
created by github.com/cy540/ralph-loop/internal/ghcopilot.NewCacheManager in goroutine 77
	C:/Users/cy5407/Desktop/Github CLI ?芸?頝誨/internal/ghcopilot/cache_manager.go:268 +0x19a

goroutine 81 [select]:
github.com/cy540/ralph-loop/internal/ghcopilot.(*CacheManager).cleanupLoop(0x2d1c613b7560)
	C:/Users/cy5407/Desktop/Github CLI ?芸?頝誨/internal/ghcopilot/cache_manager.go:333 +0xb6
created by github.com/cy540/ralph-loop/internal/ghcopilot.NewCacheManager in goroutine 80
	C:/Users/cy5407/Desktop/Github CLI ?芸?頝誨/internal/ghcopilot/cache_manager.go:268 +0x19a

goroutine 424 [select]:
github.com/cy540/ralph-loop/internal/ghcopilot.TestConcurrentExecutionManager(0x2d1c615eac00)
	C:/Users/cy5407/Desktop/Github CLI ?芸?頝誨/internal/ghcopilot/performance_optimizer_test.go:217 +0x537
testing.tRunner(0x2d1c615eac00, 0x7ff6ac843eb0)
	C:/Program Files/Go/src/testing/testing.go:2036 +0xc3
created by testing.(*T).Run in goroutine 1
	C:/Program Files/Go/src/testing/testing.go:2101 +0x4a9

goroutine 140 [select]:
github.com/cy540/ralph-loop/internal/ghcopilot.(*CacheManager).cleanupLoop(0x2d1c61504390)
	C:/Users/cy5407/Desktop/Github CLI ?芸?頝誨/internal/ghcopilot/cache_manager.go:333 +0xb6
created by github.com/cy540/ralph-loop/internal/ghcopilot.NewCacheManager in goroutine 426
	C:/Users/cy5407/Desktop/Github CLI ?芸?頝誨/internal/ghcopilot/cache_manager.go:268 +0x19a

goroutine 180 [select]:
github.com/cy540/ralph-loop/internal/ghcopilot.(*CacheManager).cleanupLoop(0x2d1c61688390)
	C:/Users/cy5407/Desktop/Github CLI ?芸?頝誨/internal/ghcopilot/cache_manager.go:333 +0xb6
created by github.com/cy540/ralph-loop/internal/ghcopilot.NewCacheManager in goroutine 425
	C:/Users/cy5407/Desktop/Github CLI ?芸?頝誨/internal/ghcopilot/cache_manager.go:268 +0x19a

goroutine 396 [syscall]:
syscall.syscalln(0x0?, 0x0?, {0x2d1c614b1a70?, 0x24f0a5c7348?, 0x0?})
	C:/Program Files/Go/src/runtime/syscall_windows.go:431 +0x4e
syscall.SyscallN(0x2d1c614b1a80?, {0x2d1c614b1a70?, 0x0?, 0x0?})
	C:/Program Files/Go/src/syscall/dll_windows.go:99 +0x1e
syscall.readFile(0x318, {0x2d1c615aa800?, 0x200, 0x12?}, 0x0?, 0x12?)
	C:/Program Files/Go/src/syscall/zsyscall_windows.go:1030 +0xba
syscall.ReadFile(...)
	C:/Program Files/Go/src/syscall/syscall_windows.go:510
internal/poll.(*FD).Read.func1(0x7ff6acaa18e0?)
	C:/Program Files/Go/src/internal/poll/fd_windows.go:572 +0x4a
internal/poll.(*FD).execIO(0x2d1c61518300, 0x72, 0x2d1c614b1c90)
	C:/Program Files/Go/src/internal/poll/fd_windows.go:290 +0x2c9
internal/poll.(*FD).Read(0x2d1c61518300, {0x2d1c615aa800, 0x200, 0x200})
	C:/Program Files/Go/src/internal/poll/fd_windows.go:571 +0x290
os.(*File).read(...)
	C:/Program Files/Go/src/os/file_posix.go:29
os.(*File).Read(0x2d1c61516030, {0x2d1c615aa800?, 0x0?, 0x0?})
	C:/Program Files/Go/src/os/file.go:144 +0x4f
bytes.(*Buffer).ReadFrom(0x2d1c61553890, {0x7ff6ac84ad78, 0x2d1c61516030})
	C:/Program Files/Go/src/bytes/buffer.go:229 +0x98
io.copyBuffer({0x7ff6ac84af20, 0x2d1c61553890}, {0x7ff6ac84ad78, 0x2d1c61516030}, {0x0, 0x0, 0x0})
	C:/Program Files/Go/src/io/io.go:415 +0x151
io.Copy(...)
	C:/Program Files/Go/src/io/io.go:388
os.genericWriteTo(0x0?, {0x7ff6ac84af20?, 0x2d1c61553890?})
	C:/Program Files/Go/src/os/file.go:295 +0x35
os.(*File).WriteTo(0x7ff6aca9c720?, {0x7ff6ac84af20?, 0x2d1c61553890?})
	C:/Program Files/Go/src/os/file.go:273 +0x49
io.copyBuffer({0x7ff6ac84af20, 0x2d1c61553890}, {0x7ff6ac84ae80, 0x2d1c61516030}, {0x0, 0x0, 0x0})
	C:/Program Files/Go/src/io/io.go:411 +0x9d
io.Copy(...)
	C:/Program Files/Go/src/io/io.go:388
os/exec.(*Cmd).writerDescriptor.func1()
	C:/Program Files/Go/src/os/exec/exec.go:602 +0x34
os/exec.(*Cmd).Start.func2(0x2d1c61494ff0?)
	C:/Program Files/Go/src/os/exec/exec.go:757 +0x2c
created by os/exec.(*Cmd).Start in goroutine 426
	C:/Program Files/Go/src/os/exec/exec.go:756 +0x9c5

goroutine 395 [syscall]:
syscall.syscalln(0x0?, 0x0?, {0x2d1c614bda70?, 0x2d1c614bda50?, 0x0?})
	C:/Program Files/Go/src/runtime/syscall_windows.go:431 +0x4e
syscall.SyscallN(0x2d1c614bda80?, {0x2d1c614bda70?, 0x24f4fdc0560?, 0x0?})
	C:/Program Files/Go/src/syscall/dll_windows.go:99 +0x1e
syscall.readFile(0x310, {0x2d1c61566000?, 0x200, 0x0?}, 0x7ff6ac7aa3e0?, 0x0?)
	C:/Program Files/Go/src/syscall/zsyscall_windows.go:1030 +0xba
syscall.ReadFile(...)
	C:/Program Files/Go/src/syscall/syscall_windows.go:510
internal/poll.(*FD).Read.func1(0x7ff6acaa18e0?)
	C:/Program Files/Go/src/internal/poll/fd_windows.go:572 +0x4a
internal/poll.(*FD).execIO(0x2d1c61518180, 0x72, 0x2d1c614bdc90)
	C:/Program Files/Go/src/internal/poll/fd_windows.go:290 +0x2c9
internal/poll.(*FD).Read(0x2d1c61518180, {0x2d1c61566000, 0x200, 0x200})
	C:/Program Files/Go/src/internal/poll/fd_windows.go:571 +0x290
os.(*File).read(...)
	C:/Program Files/Go/src/os/file_posix.go:29
os.(*File).Read(0x2d1c61516018, {0x2d1c61566000?, 0x0?, 0x0?})
	C:/Program Files/Go/src/os/file.go:144 +0x4f
bytes.(*Buffer).ReadFrom(0x2d1c61553860, {0x7ff6ac84ad78, 0x2d1c61516018})
	C:/Program Files/Go/src/bytes/buffer.go:229 +0x98
io.copyBuffer({0x7ff6ac84af20, 0x2d1c61553860}, {0x7ff6ac84ad78, 0x2d1c61516018}, {0x0, 0x0, 0x0})
	C:/Program Files/Go/src/io/io.go:415 +0x151
io.Copy(...)
	C:/Program Files/Go/src/io/io.go:388
os.genericWriteTo(0x1e?, {0x7ff6ac84af20?, 0x2d1c61553860?})
	C:/Program Files/Go/src/os/file.go:295 +0x35
os.(*File).WriteTo(0x7ff6aca9c720?, {0x7ff6ac84af20?, 0x2d1c61553860?})
	C:/Program Files/Go/src/os/file.go:273 +0x49
io.copyBuffer({0x7ff6ac84af20, 0x2d1c61553860}, {0x7ff6ac84ae80, 0x2d1c61516018}, {0x0, 0x0, 0x0})
	C:/Program Files/Go/src/io/io.go:411 +0x9d
io.Copy(...)
	C:/Program Files/Go/src/io/io.go:388
os/exec.(*Cmd).writerDescriptor.func1()
	C:/Program Files/Go/src/os/exec/exec.go:602 +0x34
os/exec.(*Cmd).Start.func2(0x2d1c61494ff0?)
	C:/Program Files/Go/src/os/exec/exec.go:757 +0x2c
created by os/exec.(*Cmd).Start in goroutine 426
	C:/Program Files/Go/src/os/exec/exec.go:756 +0x9c5

goroutine 397 [select]:
os/exec.(*Cmd).watchCtx(0x2d1c61546000, 0x2d1c614a6620)
	C:/Program Files/Go/src/os/exec/exec.go:797 +0xb1
created by os/exec.(*Cmd).Start in goroutine 426
	C:/Program Files/Go/src/os/exec/exec.go:783 +0x989

goroutine 425 [syscall]:
syscall.syscalln(0x0?, 0x0?, {0x2d1c616c2900?, 0x7?, 0x0?})
	C:/Program Files/Go/src/runtime/syscall_windows.go:431 +0x4e
syscall.SyscallN(0x1000000000000?, {0x2d1c616c2900?, 0x3?, 0x3?})
	C:/Program Files/Go/src/syscall/dll_windows.go:99 +0x1e
syscall.WaitForSingleObject(0x294, 0xffffffff)
	C:/Program Files/Go/src/syscall/zsyscall_windows.go:1159 +0x6a
os.(*Process).wait(0x2d1c6169a3c0)
	C:/Program Files/Go/src/os/exec_windows.go:28 +0x89
os.(*Process).Wait(...)
	C:/Program Files/Go/src/os/exec.go:346
os/exec.(*Cmd).Wait(0x2d1c616ce340)
	C:/Program Files/Go/src/os/exec/exec.go:930 +0x45
os/exec.(*Cmd).Run(0x2d1c616ce340)
	C:/Program Files/Go/src/os/exec/exec.go:632 +0x2d
github.com/cy540/ralph-loop/internal/ghcopilot.(*CLIExecutor).execute(0x2d1c616a60d0, {0x7ff6ac84c848, 0x7ff6acaf5e80}, {0x2d1c6169c180, 0x6, 0x8})
	C:/Users/cy5407/Desktop/Github CLI ?芸?頝誨/internal/ghcopilot/cli_executor.go:455 +0x8bd
github.com/cy540/ralph-loop/internal/ghcopilot.(*CLIExecutor).executeWithRetry(0x2d1c616a60d0, {0x7ff6ac84c848, 0x7ff6acaf5e80}, {0x2d1c6169c180, 0x6, 0x8})
	C:/Users/cy5407/Desktop/Github CLI ?芸?頝誨/internal/ghcopilot/cli_executor.go:362 +0x2c6
github.com/cy540/ralph-loop/internal/ghcopilot.(*CLIExecutor).ExecutePrompt(0x2d1c616a60d0, {0x7ff6ac84c848, 0x7ff6acaf5e80}, {0x2d1c61580db0?, 0x2d1c616c2df0?})
	C:/Users/cy5407/Desktop/Github CLI ?芸?頝誨/internal/ghcopilot/cli_executor.go:210 +0xae
github.com/cy540/ralph-loop/internal/ghcopilot.(*RalphLoopClient).ExecuteLoop.func2.2({0x7ff6ac84c848?, 0x7ff6acaf5e80?}, {0x2d1c61580db0?, 0x1?})
	C:/Users/cy5407/Desktop/Github CLI ?芸?頝誨/internal/ghcopilot/client.go:435 +0x3c
github.com/cy540/ralph-loop/internal/ghcopilot.(*RalphLoopClient).executeSecurely(0x2d1c61682000, {0x7ff6ac84c848?, 0x7ff6acaf5e80?}, {0x2d1c61580db0?, 0xe?}, 0x2d1c616c3040?)
	C:/Users/cy5407/Desktop/Github CLI ?芸?頝誨/internal/ghcopilot/client.go:1611 +0x168
github.com/cy540/ralph-loop/internal/ghcopilot.(*RalphLoopClient).ExecuteLoop.func2()
	C:/Users/cy5407/Desktop/Github CLI ?芸?頝誨/internal/ghcopilot/client.go:434 +0x337
github.com/cy540/ralph-loop/internal/ghcopilot.(*RetryExecutor).ExecuteWithResult(0x2d1c61688360, {0x7ff6ac84c848, 0x7ff6acaf5e80}, 0x2d1c616c3c00)
	C:/Users/cy5407/Desktop/Github CLI ?芸?頝誨/internal/ghcopilot/retry_strategy.go:281 +0xd2
github.com/cy540/ralph-loop/internal/ghcopilot.(*RalphLoopClient).ExecuteLoop(0x2d1c61682000, {0x7ff6ac84c848, 0x7ff6acaf5e80}, {0x2d1c61580db0, 0xe})
	C:/Users/cy5407/Desktop/Github CLI ?芸?頝誨/internal/ghcopilot/client.go:408 +0x6c5
github.com/cy540/ralph-loop/internal/ghcopilot.(*RalphLoopClient).ExecuteUntilCompletion(0x2d1c61682000, {0x7ff6ac84c848, 0x7ff6acaf5e80}, {0x2d1c61580db0, 0xe}, 0x1)
	C:/Users/cy5407/Desktop/Github CLI ?芸?頝誨/internal/ghcopilot/client.go:756 +0x13b
github.com/cy540/ralph-loop/internal/ghcopilot.(*ConcurrentExecutionManager).executeTask(0x2d1c61621f58?, 0x2d1c61591680, 0x2d1c61586f50)
	C:/Users/cy5407/Desktop/Github CLI ?芸?頝誨/internal/ghcopilot/performance_optimizer.go:324 +0xe5
github.com/cy540/ralph-loop/internal/ghcopilot.(*ConcurrentExecutionManager).workerLoop(0x2d1c61594a80, 0x2d1c61591680)
	C:/Users/cy5407/Desktop/Github CLI ?芸?頝誨/internal/ghcopilot/performance_optimizer.go:284 +0x85
created by github.com/cy540/ralph-loop/internal/ghcopilot.(*ConcurrentExecutionManager).Start in goroutine 424
	C:/Users/cy5407/Desktop/Github CLI ?芸?頝誨/internal/ghcopilot/performance_optimizer.go:168 +0xeb

goroutine 426 [syscall]:
syscall.syscalln(0x0?, 0x0?, {0x2d1c616be900?, 0x7ff6acaa0fa0?, 0x2d1c616be8b0?})
	C:/Program Files/Go/src/runtime/syscall_windows.go:431 +0x4e
syscall.SyscallN(0x7ff6acaa0fa0?, {0x2d1c616be900?, 0x3?, 0x3?})
	C:/Program Files/Go/src/syscall/dll_windows.go:99 +0x1e
syscall.WaitForSingleObject(0x298, 0xffffffff)
	C:/Program Files/Go/src/syscall/zsyscall_windows.go:1159 +0x6a
os.(*Process).wait(0x2d1c613c0900)
	C:/Program Files/Go/src/os/exec_windows.go:28 +0x89
os.(*Process).Wait(...)
	C:/Program Files/Go/src/os/exec.go:346
os/exec.(*Cmd).Wait(0x2d1c61546000)
	C:/Program Files/Go/src/os/exec/exec.go:930 +0x45
os/exec.(*Cmd).Run(0x2d1c61546000)
	C:/Program Files/Go/src/os/exec/exec.go:632 +0x2d
github.com/cy540/ralph-loop/internal/ghcopilot.(*CLIExecutor).execute(0x2d1c612fe0d0, {0x7ff6ac84c848, 0x7ff6acaf5e80}, {0x2d1c6151e180, 0x6, 0x8})
	C:/Users/cy5407/Desktop/Github CLI ?芸?頝誨/internal/ghcopilot/cli_executor.go:455 +0x8bd
github.com/cy540/ralph-loop/internal/ghcopilot.(*CLIExecutor).executeWithRetry(0x2d1c612fe0d0, {0x7ff6ac84c848, 0x7ff6acaf5e80}, {0x2d1c6151e180, 0x6, 0x8})
	C:/Users/cy5407/Desktop/Github CLI ?芸?頝誨/internal/ghcopilot/cli_executor.go:362 +0x2c6
github.com/cy540/ralph-loop/internal/ghcopilot.(*CLIExecutor).ExecutePrompt(0x2d1c612fe0d0, {0x7ff6ac84c848, 0x7ff6acaf5e80}, {0x2d1c61580dc0?, 0x2d1c616bedf0?})
	C:/Users/cy5407/Desktop/Github CLI ?芸?頝誨/internal/ghcopilot/cli_executor.go:210 +0xae
github.com/cy540/ralph-loop/internal/ghcopilot.(*RalphLoopClient).ExecuteLoop.func2.2({0x7ff6ac84c848?, 0x7ff6acaf5e80?}, {0x2d1c61580dc0?, 0x1?})
	C:/Users/cy5407/Desktop/Github CLI ?芸?頝誨/internal/ghcopilot/client.go:435 +0x3c
github.com/cy540/ralph-loop/internal/ghcopilot.(*RalphLoopClient).executeSecurely(0x2d1c611c4000, {0x7ff6ac84c848?, 0x7ff6acaf5e80?}, {0x2d1c61580dc0?, 0xe?}, 0x2d1c616bf040?)
	C:/Users/cy5407/Desktop/Github CLI ?芸?頝誨/internal/ghcopilot/client.go:1611 +0x168
github.com/cy540/ralph-loop/internal/ghcopilot.(*RalphLoopClient).ExecuteLoop.func2()
	C:/Users/cy5407/Desktop/Github CLI ?芸?頝誨/internal/ghcopilot/client.go:434 +0x337
github.com/cy540/ralph-loop/internal/ghcopilot.(*RetryExecutor).ExecuteWithResult(0x2d1c61504360, {0x7ff6ac84c848, 0x7ff6acaf5e80}, 0x2d1c616bfc00)
	C:/Users/cy5407/Desktop/Github CLI ?芸?頝誨/internal/ghcopilot/retry_strategy.go:281 +0xd2
github.com/cy540/ralph-loop/internal/ghcopilot.(*RalphLoopClient).ExecuteLoop(0x2d1c611c4000, {0x7ff6ac84c848, 0x7ff6acaf5e80}, {0x2d1c61580dc0, 0xe})
	C:/Users/cy5407/Desktop/Github CLI ?芸?頝誨/internal/ghcopilot/client.go:408 +0x6c5
github.com/cy540/ralph-loop/internal/ghcopilot.(*RalphLoopClient).ExecuteUntilCompletion(0x2d1c611c4000, {0x7ff6ac84c848, 0x7ff6acaf5e80}, {0x2d1c61580dc0, 0xe}, 0x1)
	C:/Users/cy5407/Desktop/Github CLI ?芸?頝誨/internal/ghcopilot/client.go:756 +0x13b
github.com/cy540/ralph-loop/internal/ghcopilot.(*ConcurrentExecutionManager).executeTask(0x2d1c61623f58?, 0x2d1c615916b0, 0x2d1c61586fa0)
	C:/Users/cy5407/Desktop/Github CLI ?芸?頝誨/internal/ghcopilot/performance_optimizer.go:324 +0xe5
github.com/cy540/ralph-loop/internal/ghcopilot.(*ConcurrentExecutionManager).workerLoop(0x2d1c61594a80, 0x2d1c615916b0)
	C:/Users/cy5407/Desktop/Github CLI ?芸?頝誨/internal/ghcopilot/performance_optimizer.go:284 +0x85
created by github.com/cy540/ralph-loop/internal/ghcopilot.(*ConcurrentExecutionManager).Start in goroutine 424
	C:/Users/cy5407/Desktop/Github CLI ?芸?頝誨/internal/ghcopilot/performance_optimizer.go:168 +0xeb

goroutine 427 [select]:
github.com/cy540/ralph-loop/internal/ghcopilot.(*ConcurrentExecutionManager).dispatchLoop(0x2d1c61594a80)
	C:/Users/cy5407/Desktop/Github CLI ?芸?頝誨/internal/ghcopilot/performance_optimizer.go:256 +0x13b
created by github.com/cy540/ralph-loop/internal/ghcopilot.(*ConcurrentExecutionManager).Start in goroutine 424
	C:/Users/cy5407/Desktop/Github CLI ?芸?頝誨/internal/ghcopilot/performance_optimizer.go:173 +0x31b
FAIL	github.com/cy540/ralph-loop/internal/ghcopilot	10.316s
FAIL
